// Jest Snapshot v1, https://goo.gl/fbAQLP

exports[`TeamReport Component renders correctly 1`] = `
<div>
  <button
    class="MuiButtonBase-root MuiButton-root buttonStyles-root-1 MuiButton-outlined sidePanelFooterButton MuiButton-outlinedPrimary"
    tabindex="0"
    type="button"
  >
    <span
      class="MuiButton-label buttonStyles-label-4"
    >
      report
    </span>
    <span
      class="MuiTouchRipple-root"
    />
  </button>
</div>
`;
