// Jest Snapshot v1, https://goo.gl/fbAQLP

exports[`DocumentDownloadSection component renders correctly with all data 1`] = `
<div>
  <div
    class="Section-root Section-white css-10chrh8"
    data-testid="document-download-section-Document-Downloads-title"
  >
    <div
      class=" css-ze8cyt"
    >
      <div
        class="MuiContainer-root MuiContainer-maxWidthXl css-15p7r21-MuiContainer-root"
      >
        <h2
          class="MuiTypography-root MuiTypography-h2 Typography-underline css-1gn4sxn-MuiTypography-root"
          data-testid="typography"
        >
          Document Downloads title
        </h2>
        <div
          style="margin-bottom: 40px;"
        >
          <div
            class="RichText-root css-vf09gu"
          >
            <p
              class="MuiTypography-root MuiTypography-body1 MuiTypography-gutterBottom  css-jia7v4-MuiTypography-root"
              data-testid="typography"
            >
              Lorem Ipsum has been the industry's standard dummy text ever since the 1500s
            </p>
          </div>
        </div>
        <div
          class="css-ya57aw"
        >
          <table
            class="MuiTable-root Table-evenColor css-wsrw3a-MuiTable-root"
            data-testid="document-download-section-table"
          >
            <thead
              class="MuiTableHead-root ColorPair-pearl css-tv3lba-MuiTableHead-root"
              data-testid="table-head"
            >
              <tr
                class="MuiTableRow-root MuiTableRow-head css-47w8l6-MuiTableRow-root"
              >
                <th
                  class="MuiTableCell-root MuiTableCell-head MuiTableCell-sizeMedium css-1tbee56-MuiTableCell-root"
                  scope="col"
                >
                  MC: documentDownloadSection.documentTitle
                </th>
                <th
                  class="MuiTableCell-root MuiTableCell-head MuiTableCell-alignRight MuiTableCell-sizeMedium css-i0c215-MuiTableCell-root"
                  scope="col"
                >
                  MC: documentDownloadSection.download
                </th>
              </tr>
            </thead>
            <tbody
              class="MuiTableBody-root css-apqrd9-MuiTableBody-root"
            >
              <tr
                class="MuiTableRow-root css-wgfdj2-MuiTableRow-root"
              >
                <td
                  class="MuiTableCell-root MuiTableCell-body MuiTableCell-sizeMedium css-1xv4y7i-MuiTableCell-root"
                >
                  contentful-document-title
                </td>
                <td
                  class="MuiTableCell-root MuiTableCell-body MuiTableCell-alignRight MuiTableCell-sizeMedium css-1y6h75i-MuiTableCell-root"
                >
                  <button
                    class="MuiButtonBase-root MuiButton-root Button-root MuiButton-text Button-text MuiButton-textPrimary MuiButton-sizeMedium MuiButton-textSizeMedium MuiButton-root Button-root MuiButton-text Button-text MuiButton-textPrimary MuiButton-sizeMedium MuiButton-textSizeMedium css-1r6mhvx-MuiButtonBase-root-MuiButton-root"
                    data-gtm="{"id":"download1","label":"Download","action":"http://doesnot-exist.com/fileName"}"
                    data-testid="document-download-section-download-button"
                    tabindex="0"
                    type="button"
                  >
                    <span
                      class="MuiButton-startIcon Button-startIcon MuiButton-iconSizeMedium css-1d6wzja-MuiButton-startIcon"
                    >
                      <filejpg
                        data-testid="document-download-section-file-download-icon"
                        style="width: 1em; height: 1em;"
                      />
                    </span>
                    87.79 KB
                    <span
                      class="MuiTouchRipple-root css-8je8zh-MuiTouchRipple-root"
                    />
                  </button>
                </td>
              </tr>
            </tbody>
          </table>
        </div>
      </div>
    </div>
  </div>
</div>
`;
