// Jest Snapshot v1, https://goo.gl/fbAQLP

exports[`SampleBasketSection component renders correctly 1`] = `
<div>
  <div
    class="SampleBasketSection Section-root-1 Section-white-5"
  >
    <div
      class="Container-root-9"
    >
      <div
        class="MuiContainer-root MuiContainer-maxWidthXl"
      >
        <div
          class="RichText-root-11"
        >
          <p
            class="MuiTypography-root Typography-root-13 MuiTypography-body1 MuiTypography-gutterBottom"
            data-testid="typography"
          >
            test rich text
          </p>
        </div>
        <div
          class="SampleBasketSectionProducts"
        >
          <button
            class="MuiButtonBase-root OverviewCard-root-21 OverviewCard-clickable-24 product-wrapper"
            tabindex="0"
            type="button"
          >
            <img
              alt="sample-1"
              class="product-image OverviewCard-headerPicture-27 Media-root-36"
              src="http://localhost:8000/image-real-file-name.jpg"
              style="object-fit: contain; object-position: center;"
            />
            <div
              class="OverviewCard-body-28"
            >
              <h4
                class="MuiTypography-root OverviewCard-title-29 OverviewCard-noBrandLogo-30 Typography-root-13 MuiTypography-h4"
                data-testid="typography"
              />
              <div
                class="OverviewCard-children-32 OverviewCard-text-31 OverviewCard-withoutMargin-33"
              >
                <div
                  class="product"
                >
                  <div
                    class="product-description"
                  >
                    <p
                      class="MuiTypography-root product-title Typography-root-13 MuiTypography-body1"
                      data-testid="typography"
                    >
                      sample-1
                    </p>
                    <p
                      class="MuiTypography-root product-color Typography-root-13 MuiTypography-body1"
                      data-testid="typography"
                    >
                      green | rough
                    </p>
                    <p
                      class="MuiTypography-root product-size Typography-root-13 MuiTypography-body1"
                      data-testid="typography"
                    >
                      1x2x3 mm
                    </p>
                  </div>
                </div>
              </div>
              <div
                class="OverviewCard-footer-34"
              >
                <button
                  class="MuiButtonBase-root MuiButton-root Button-root-38 MuiButton-outlined product-button MuiButton-outlinedPrimary"
                  tabindex="0"
                  type="button"
                >
                  <span
                    class="MuiButton-label Button-label-41"
                  >
                    MC: pdp.overview.removeSample
                    <span
                      class="MuiButton-endIcon MuiButton-iconSizeMedium"
                    >
                      <svg
                        aria-hidden="true"
                        class="MuiSvgIcon-root"
                        focusable="false"
                        viewBox="0 0 24 24"
                      >
                        <path
                          d="M19 13H5v-2h14v2z"
                        />
                      </svg>
                    </span>
                  </span>
                  <span
                    class="MuiTouchRipple-root"
                  />
                </button>
              </div>
            </div>
            <span
              class="MuiTouchRipple-root"
            />
          </button>
        </div>
        <div
          class="complete-button"
        >
          <button
            class="MuiButtonBase-root MuiButton-root Button-root-38 MuiButton-contained Button-contained-40 MuiButton-containedPrimary"
            tabindex="0"
            type="button"
          >
            <span
              class="MuiButton-label Button-label-41"
            >
              MC: pdp.overview.completeSampleOrder
              <span
                class="MuiButton-endIcon MuiButton-iconSizeMedium"
              >
                <svg
                  aria-hidden="true"
                  class="MuiSvgIcon-root"
                  focusable="false"
                  viewBox="0 0 24 24"
                >
                  <path
                    d="M7 18c-1.1 0-1.99.9-1.99 2S5.9 22 7 22s2-.9 2-2-.9-2-2-2zM1 2v2h2l3.6 7.59-1.35 2.45c-.16.28-.25.61-.25.96 0 1.1.9 2 2 2h12v-2H7.42c-.14 0-.25-.11-.25-.25l.03-.12.9-1.63h7.45c.75 0 1.41-.41 1.75-1.03l3.58-6.49c.08-.14.12-.31.12-.48 0-.55-.45-1-1-1H5.21l-.94-2H1zm16 16c-1.1 0-1.99.9-1.99 2s.89 2 1.99 2 2-.9 2-2-.9-2-2-2z"
                  />
                </svg>
              </span>
            </span>
            <span
              class="MuiTouchRipple-root"
            />
          </button>
        </div>
      </div>
    </div>
  </div>
</div>
`;

exports[`SampleBasketSection component should render form after complete button press 1`] = `
<div>
  <div
    class="SampleBasketSection Section-root-58 Section-white-62"
  >
    <div
      class="Container-root-66"
    >
      <div
        class="MuiContainer-root MuiContainer-maxWidthXl"
      >
        <div
          class="RichText-root-68"
        >
          <p
            class="MuiTypography-root Typography-root-70 MuiTypography-body1 MuiTypography-gutterBottom"
            data-testid="typography"
          >
            test rich text
          </p>
        </div>
        <div
          class="SampleBasketSectionProducts"
        >
          <button
            class="MuiButtonBase-root OverviewCard-root-78 OverviewCard-clickable-81 product-wrapper"
            tabindex="0"
            type="button"
          >
            <img
              alt="sample-1"
              class="product-image OverviewCard-headerPicture-84 Media-root-93"
              src="http://localhost:8000/image-real-file-name.jpg"
              style="object-fit: contain; object-position: center;"
            />
            <div
              class="OverviewCard-body-85"
            >
              <h4
                class="MuiTypography-root OverviewCard-title-86 OverviewCard-noBrandLogo-87 Typography-root-70 MuiTypography-h4"
                data-testid="typography"
              />
              <div
                class="OverviewCard-children-89 OverviewCard-text-88 OverviewCard-withoutMargin-90"
              >
                <div
                  class="product"
                >
                  <div
                    class="product-description"
                  >
                    <p
                      class="MuiTypography-root product-title Typography-root-70 MuiTypography-body1"
                      data-testid="typography"
                    >
                      sample-1
                    </p>
                    <p
                      class="MuiTypography-root product-color Typography-root-70 MuiTypography-body1"
                      data-testid="typography"
                    >
                      green | rough
                    </p>
                    <p
                      class="MuiTypography-root product-size Typography-root-70 MuiTypography-body1"
                      data-testid="typography"
                    >
                      1x2x3 mm
                    </p>
                  </div>
                </div>
              </div>
              <div
                class="OverviewCard-footer-91"
              >
                <button
                  class="MuiButtonBase-root MuiButton-root Button-root-95 MuiButton-outlined product-button MuiButton-outlinedPrimary"
                  tabindex="0"
                  type="button"
                >
                  <span
                    class="MuiButton-label Button-label-98"
                  >
                    MC: pdp.overview.removeSample
                    <span
                      class="MuiButton-endIcon MuiButton-iconSizeMedium"
                    >
                      <svg
                        aria-hidden="true"
                        class="MuiSvgIcon-root"
                        focusable="false"
                        viewBox="0 0 24 24"
                      >
                        <path
                          d="M19 13H5v-2h14v2z"
                        />
                      </svg>
                    </span>
                  </span>
                  <span
                    class="MuiTouchRipple-root"
                  />
                </button>
              </div>
            </div>
            <span
              class="MuiTouchRipple-root"
            />
          </button>
        </div>
      </div>
    </div>
  </div>
  <div
    class="Section-root-58"
  >
    <div
      class="Container-root-66"
    >
      <div
        class="MuiContainer-root MuiContainer-maxWidthXl"
      >
        <h2
          class="MuiTypography-root Section-title-65 Typography-root-70 Typography-underline-72 MuiTypography-h2"
          data-testid="typography"
        >
          Complete form
        </h2>
        <form
          class="Form-root-120 FormSection-root-115 Form-rightAlignButton-121"
        >
          <div
            class="MuiGrid-root MuiGrid-container MuiGrid-spacing-xs-3"
          >
            <div
              class="MuiGrid-root Grid-item-125 MuiGrid-item MuiGrid-grid-xs-12 MuiGrid-grid-md-6"
            >
              <div
                class="MuiFormControl-root MuiTextField-root TextField-root-128 MuiFormControl-fullWidth"
              >
                <label
                  class="MuiFormLabel-root MuiInputLabel-root MuiInputLabel-formControl MuiInputLabel-animated MuiInputLabel-outlined"
                  data-shrink="false"
                  for="text"
                  id="text-label"
                >
                  Text
                </label>
                <div
                  class="MuiInputBase-root MuiOutlinedInput-root MuiInputBase-fullWidth MuiInputBase-formControl"
                >
                  <input
                    aria-invalid="false"
                    class="MuiInputBase-input MuiOutlinedInput-input"
                    id="text"
                    name="text"
                    type="text"
                    value=""
                  />
                  <fieldset
                    aria-hidden="true"
                    class="PrivateNotchedOutline-root-131 MuiOutlinedInput-notchedOutline"
                  >
                    <legend
                      class="PrivateNotchedOutline-legendLabelled-133"
                    >
                      <span>
                        Text
                      </span>
                    </legend>
                  </fieldset>
                </div>
              </div>
            </div>
          </div>
          <div
            class="Form-buttonWrapper-123"
          >
            <button
              aria-label="samples ordering basket form submitted"
              class="MuiButtonBase-root MuiButton-root Button-root-95 MuiButton-contained Button-contained-97 Form-button-122 MuiButton-containedPrimary"
              data-action="sample-1-green-rough-1x2x3 mm"
              data-gtm="{\\"id\\":\\"form-button1\\",\\"label\\":\\"samples ordering basket form submitted\\",\\"action\\":\\"sample-1-green-rough-1x2x3 mm\\"}"
              tabindex="0"
              type="submit"
            >
              <span
                class="MuiButton-label Button-label-98"
              >
                Submit
                <span
                  class="MuiButton-endIcon MuiButton-iconSizeMedium"
                >
                  <svg
                    aria-hidden="true"
                    class="MuiSvgIcon-root"
                    focusable="false"
                    viewBox="0 0 24 24"
                  >
                    <path
                      d="M12 4l-1.41 1.41L16.17 11H4v2h12.17l-5.58 5.59L12 20l8-8z"
                    />
                  </svg>
                </span>
              </span>
              <span
                class="MuiTouchRipple-root"
              />
            </button>
          </div>
        </form>
        <p
          class="MuiTypography-root RecaptchaPrivacyLinks Typography-root-70 MuiTypography-body1"
          data-testid="typography"
        >
          Dette nettstedet er beskyttet av reCAPTCHA og Googles 
          <a
            class="MuiTypography-root MuiLink-root MuiLink-underlineHover AnchorLink-root-135 Anchorlink MuiTypography-colorPrimary"
            href="https://policies.google.com/privacy?hl=no-nb"
            rel="noreferrer noopener"
            target="_blank"
          >
            <span>
              Personvernregler
            </span>
          </a>
           og 
          <a
            class="MuiTypography-root MuiLink-root MuiLink-underlineHover AnchorLink-root-135 Anchorlink MuiTypography-colorPrimary"
            href="https://policies.google.com/terms?hl=no-nb"
            rel="noreferrer noopener"
            target="_blank"
          >
            <span>
              Vilkår for bruk
            </span>
          </a>
           gjelder.
        </p>
      </div>
    </div>
  </div>
</div>
`;

exports[`SampleBasketSection remove sample from basket when all samples are removed renders empty basket content and \`browse all products\` button 1`] = `
<div>
  <div
    class="SampleBasketSection Section-root-307 Section-white-311"
  >
    <div
      class="Container-root-315"
    >
      <div
        class="MuiContainer-root MuiContainer-maxWidthXl"
      >
        <div
          class="RichText-root-317"
        >
          <p
            class="MuiTypography-root Typography-root-319 MuiTypography-body1 MuiTypography-gutterBottom"
            data-testid="typography"
          >
            test rich text
          </p>
        </div>
        <div
          class="SampleBasketSectionProducts"
        />
        <div
          class="RichText-root-317"
        >
          <p
            class="MuiTypography-root Typography-root-319 MuiTypography-body1 MuiTypography-gutterBottom"
            data-testid="typography"
          >
            your basket is empty.
          </p>
        </div>
        <a
          aria-disabled="false"
          class="MuiButtonBase-root MuiButton-root Button-root-344 MuiButton-outlined MuiButton-outlinedPrimary"
          data-gtm="{\\"id\\":\\"cta-click1\\",\\"action\\":\\"/no/zanda-brand/torvtak/\\",\\"label\\":\\"browse all products\\"}"
          href="/no/zanda-brand/torvtak/"
          role="button"
          tabindex="0"
        >
          <span
            class="MuiButton-label Button-label-347"
          >
            browse all products
            <span
              class="MuiButton-endIcon MuiButton-iconSizeMedium"
            >
              <svg
                aria-hidden="true"
                class="MuiSvgIcon-root"
                focusable="false"
                viewBox="0 0 24 24"
              >
                <path
                  d="M12 4l-1.41 1.41L16.17 11H4v2h12.17l-5.58 5.59L12 20l8-8z"
                />
              </svg>
            </span>
          </span>
          <span
            class="MuiTouchRipple-root"
          />
        </a>
      </div>
    </div>
  </div>
</div>
`;
