// Jest Snapshot v1, https://goo.gl/fbAQLP

exports[`CompanyRegisteredDetails component renders correctly 1`] = `
<div
  class="main"
>
  <h4
    class="MuiTypography-root Typography Typography--underline MuiTypography-h4"
    style="font-size: 1.2rem;"
  >
    Registered Details
  </h4>
  <div
    class="body"
  >
    <div
      style="margin-bottom: 1.5rem;"
    >
      <h6
        class="MuiTypography-root Typography MuiTypography-h6"
      >
        Registered name
      </h6>
      <p
        class="MuiTypography-root Typography MuiTypography-body1"
      >
        Integrated Solutions Inc
      </p>
    </div>
    <div
      style="margin-bottom: 1.5rem;"
    >
      <h6
        class="MuiTypography-root Typography MuiTypography-h6"
      >
        Membership number
      </h6>
      <p
        class="MuiTypography-root Typography MuiTypography-body1"
      />
    </div>
    <div
      style="margin-bottom: 1.5rem;"
    >
      <h6
        class="MuiTypography-root Typography MuiTypography-h6"
      >
        Registered address
      </h6>
      <p
        class="MuiTypography-root Typography MuiTypography-body1"
      >
        <div>
          <div>
            Registered Nursery Rd
          </div>
          <div>
            Brixton
          </div>
          <div>
            London
          </div>
          <div>
            SW9 8BP
          </div>
          <div>
            UK
          </div>
        </div>
      </p>
    </div>
    <div
      style="margin-bottom: 1.5rem;"
    >
      <h6
        class="MuiTypography-root Typography MuiTypography-h6"
      >
        Company VAT number
      </h6>
      <p
        class="MuiTypography-root Typography MuiTypography-body1"
      />
    </div>
    <div
      style="margin-bottom: 1.5rem;"
    >
      <h6
        class="MuiTypography-root Typography MuiTypography-h6"
      >
        Tier
      </h6>
      <p
        class="MuiTypography-root Typography MuiTypography-body1"
      />
    </div>
  </div>
</div>
`;
